2026-09-16 08:06:51,613 | INFO | Configuración cargada correctamente desde: c:\Users\USUARIO\Documents\API PARA CAPTADOR\config.txt
2026-09-16 08:12:10,370 | INFO | Configuración cargada correctamente desde: C:\Users\USUARIO\Documents\API PARA CAPTADOR\config.txt
2026-09-16 08:12:10,489 | INFO | Modo Offline o sin conexión a SQL Server. Procesando respaldo de marcaje para emp: EMP001
2026-09-16 09:07:03,416 | INFO | Configuración cargada correctamente desde: C:\Users\USUARIO\Documents\API PARA CAPTADOR\config.txt
2026-09-16 09:07:03,568 | INFO | --------------------------------------------------
2026-09-16 09:07:03,569 | INFO |  MODO OFFLINE ACTIVADO (ENABLE_HARDWARE=0)
2026-09-16 09:07:03,570 | INFO |  Omitiendo conexión a PostgreSQL y tareas de biométrico.
2026-09-16 09:07:03,570 | INFO | --------------------------------------------------
2026-09-16 09:07:10,897 | INFO | Modo Offline: Procesando nuevo marcaje para emp: EMP_TEST_99
2026-09-16 09:07:10,900 | INFO | Respaldo TXT guardado para EMP_TEST_99
2026-09-16 09:07:16,712 | INFO | Modo Offline: Procesando nuevo marcaje para emp: EMP_TEST_99
2026-09-16 09:07:16,720 | INFO | Respaldo TXT guardado para EMP_TEST_99
2026-09-16 09:07:22,021 | WARNING | Marcaje duplicado omitido (Modo Offline) -> Emp: EMP_TEST_99 | Hora: 2026-09-16 12:10:30
2026-09-16 09:07:25,627 | WARNING | Marcaje duplicado omitido (Modo Offline) -> Emp: EMP_TEST_99 | Hora: 2026-09-16 12:10:30
2026-09-16 09:07:26,321 | WARNING | Marcaje duplicado omitido (Modo Offline) -> Emp: EMP_TEST_99 | Hora: 2026-09-16 12:10:30
2026-09-16 09:07:26,959 | WARNING | Marcaje duplicado omitido (Modo Offline) -> Emp: EMP_TEST_99 | Hora: 2026-09-16 12:10:30
2026-09-16 09:07:30,572 | WARNING | Marcaje duplicado omitido (Modo Offline) -> Emp: EMP_TEST_99 | Hora: 2026-09-16 12:00:00
2026-09-16 09:07:31,448 | WARNING | Marcaje duplicado omitido (Modo Offline) -> Emp: EMP_TEST_99 | Hora: 2026-09-16 12:00:00
2026-09-16 09:07:32,099 | WARNING | Marcaje duplicado omitido (Modo Offline) -> Emp: EMP_TEST_99 | Hora: 2026-09-16 12:00:00
2026-09-16 09:07:32,259 | WARNING | Marcaje duplicado omitido (Modo Offline) -> Emp: EMP_TEST_99 | Hora: 2026-09-16 12:00:00
2026-09-16 09:07:32,429 | WARNING | Marcaje duplicado omitido (Modo Offline) -> Emp: EMP_TEST_99 | Hora: 2026-09-16 12:00:00
2026-09-16 09:07:32,581 | WARNING | Marcaje duplicado omitido (Modo Offline) -> Emp: EMP_TEST_99 | Hora: 2026-09-16 12:00:00
2026-09-16 09:19:19,519 | INFO | Configuración cargada correctamente desde: C:\Users\USUARIO\Documents\API PARA CAPTADOR\config.txt
2026-09-16 09:19:19,634 | INFO | Modo Offline o sin conexión a SQL Server. Procesando respaldo de marcaje para emp: EMP001
2026-09-16 09:19:25,878 | INFO | Configuración cargada correctamente desde: C:\Users\USUARIO\Documents\API PARA CAPTADOR\config.txt
2026-09-16 09:19:25,982 | INFO | Modo Offline o sin conexión a SQL Server. Procesando respaldo de marcaje para emp: EMP001
2026-09-16 10:41:38,859 | INFO | Configuración cargada correctamente desde: C:\Users\USUARIO\Documents\API PARA CAPTADOR\config.txt
2026-09-16 10:41:38,993 | INFO | Modo Offline o sin conexión a SQL Server. Procesando respaldo de marcaje para Tienda: 001 | Emp: EMP001
2026-09-16 11:46:11,630 | INFO | Configuración cargada correctamente desde: C:\Users\USUARIO\Documents\API PARA CAPTADOR\config.txt
2026-09-16 11:46:11,762 | INFO | Modo Offline o sin conexión a SQL Server. Procesando respaldo de marcaje para Tienda: 001 | Emp: EMP001
2026-09-16 11:46:30,188 | INFO | Configuración cargada correctamente desde: C:\Users\USUARIO\Documents\API PARA CAPTADOR\config.txt
